<html>
<body>
<pre>
<h1>礦ision Build Log</h1>
<h2>Tool Versions:</h2>
IDE-Version: μVision V5.25.2.0
Copyright (C) 2018 ARM Ltd and ARM Germany GmbH. All rights reserved.
License Information: 543523 8888, 253425235, LIC=KRMW3-AYJJT-8TU3P-MZX1M-CLL2M-68C9T
 
Tool Versions:
Toolchain:       MDK-ARM Plus  Version: 5.25.2.0
Toolchain Path:  C:\Keil_v5\ARM\ARMCC\Bin
C Compiler:      Armcc.exe V5.06 update 6 (build 750)
Assembler:       Armasm.exe V5.06 update 6 (build 750)
Linker/Locator:  ArmLink.exe V5.06 update 6 (build 750)
Library Manager: ArmAr.exe V5.06 update 6 (build 750)
Hex Converter:   FromElf.exe V5.06 update 6 (build 750)
CPU DLL:         SARMCM3.DLL V5.25.2.0
Dialog DLL:      DARMSTM.DLL V1.68.0.0
Target DLL:      CMSIS_AGDI.dll V1.29.10.0
Dialog DLL:      TARMSTM.DLL V1.66.0.0
 
<h2>Project:</h2>
D:\8.当前项目\ROS小车\Project\RTOS\v1.8PID调速\Project\RVMDK（uv5）\Fire_FreeRTOS.uvprojx
Project File Date:  03/04/2023

<h2>Output:</h2>
*** Using Compiler 'V5.06 update 6 (build 750)', folder: 'C:\Keil_v5\ARM\ARMCC\Bin'
Build target 'FreeRTOS_CAR'
assembling startup_stm32f10x_hd.s...
compiling core_cm3.c...
compiling misc.c...
compiling system_stm32f10x.c...
compiling stm32f10x_bkp.c...
compiling stm32f10x_adc.c...
compiling stm32f10x_can.c...
compiling stm32f10x_cec.c...
compiling stm32f10x_crc.c...
compiling stm32f10x_dbgmcu.c...
compiling stm32f10x_exti.c...
compiling stm32f10x_dac.c...
compiling stm32f10x_dma.c...
compiling stm32f10x_fsmc.c...
compiling stm32f10x_flash.c...
compiling stm32f10x_iwdg.c...
compiling stm32f10x_pwr.c...
compiling stm32f10x_rtc.c...
compiling stm32f10x_sdio.c...
compiling stm32f10x_gpio.c...
compiling stm32f10x_rcc.c...
compiling stm32f10x_i2c.c...
compiling stm32f10x_wwdg.c...
compiling stm32f10x_spi.c...
compiling stm32f10x_usart.c...
compiling croutine.c...
compiling list.c...
compiling event_groups.c...
compiling stm32f10x_tim.c...
compiling timers.c...
compiling stm32f10x_it.c...
compiling heap_4.c...
compiling main.c...
compiling queue.c...
compiling oled_task.c...
compiling port.c...
compiling tasks.c...
compiling key_task.c...
compiling task_init.c...
compiling led_task.c...
compiling adc_task.c...
compiling motor_task.c...
..\..\Application\motor_task.c(185): warning:  #177-D: function "motor_msg_handle"  was declared but never referenced
  static void motor_msg_handle(const struct task_msg_pack pkg) {
..\..\Application\motor_task.c: 1 warning, 0 errors
compiling mpu6050_task.c...
compiling cmd_task.c...
compiling bsp_init.c...
compiling bsp_adc.c...
compiling bsp_delay.c...
compiling bsp_iic.c...
..\..\BSP\bsp_iic.c(102): warning:  #61-D: integer operation result is out of range
          {GPIOA->CRL&=0X0FFFFFFF;GPIOA->CRL|=(u32)(8<<28);} 
..\..\BSP\bsp_iic.c: 1 warning, 0 errors
compiling bsp_led.c...
compiling bsp_key.c...
compiling bsp_iic_mpu6050.c...
compiling bsp_iic_oled.c...
compiling elog_utils.c...
compiling elog.c...
compiling bsp_tb6612.c...
compiling bsp_encoder.c...
compiling bsp_pid.c...
compiling bsp_usart.c...
compiling bsp_pwm.c...
compiling elog_port.c...
compiling bsp_cmd.c...
compiling bsp_buffer.c...
compiling inv_mpu.c...
compiling inv_mpu_dmp_motion_driver.c...
linking...
Program Size: Code=46820 RO-data=4484 RW-data=384 ZI-data=44136  
FromELF: creating hex file...
"..\..\Output\Fire_FreeRTOS.axf" - 0 Error(s), 2 Warning(s).

<h2>Software Packages used:</h2>

Package Vendor: Keil
                http://www.keil.com/pack/Keil.STM32F1xx_DFP.2.1.0.pack
                Keil.STM32F1xx_DFP.2.1.0
                STMicroelectronics STM32F1 Series Device Support, Drivers and Examples

<h2>Collection of Component include folders:</h2>
  .\RTE\_FreeRTOS_CAR
  C:\Keil_v5\ARM\PACK\Keil\STM32F1xx_DFP\2.1.0\Device\Include

<h2>Collection of Component Files used:</h2>
Build Time Elapsed:  00:00:10
</pre>
</body>
</html>
